I'm sorry, but errors were detected in your script. Please correct the
errors listed below, and try again.


File "game/Story.rpy", line 182: choice menuitem expects a non-empty block.
    "Sayori":       
                    ^

Ren'Py Version: Ren'Py 6.99.12.4.2187
